2026-08-17 17:21:02,658 [INFO] Starting EdgeVision Pipeline (Model: V3-HN)
2026-08-17 17:21:06,605 [INFO] Processing video stream...
WARNING 'half' is deprecated and will be removed in the future. Use 'quantize' instead.
WARNING 'half' is deprecated and will be removed in the future. Use 'quantize' instead.
WARNING 'half' is deprecated and will be removed in the future. Use 'quantize' instead.
WARNING 'half' is deprecated and will be removed in the future. Use 'quantize' instead.
WARNING 'half' is deprecated and will be removed in the future. Use 'quantize' instead.
WARNING 'half' is deprecated and will be removed in the future. Use 'quantize' instead.
WARNING 'half' is deprecated and will be removed in the future. Use 'quantize' instead.
WARNING 'half' is deprecated and will be removed in the future. Use 'quantize' instead.
WARNING 'half' is deprecated and will be removed in the future. Use 'quantize' instead.
WARNING 'half' is deprecated and will be removed in the future. Use 'quantize' instead.
WARNING 'half' is deprecated and will be removed in the future. Use 'quantize' instead.
WARNING 'half' is deprecated and will be removed in the future. Use 'quantize' instead.
WARNING 'half' is deprecated and will be removed in the future. Use 'quantize' instead.
WARNING 'half' is deprecated and will be removed in the future. Use 'quantize' instead.
WARNING 'half' is deprecated and will be removed in the future. Use 'quantize' instead.
WARNING 'half' is deprecated and will be removed in the future. Use 'quantize' instead.
WARNING 'half' is deprecated and will be removed in the future. Use 'quantize' instead.
WARNING 'half' is deprecated and will be removed in the future. Use 'quantize' instead.
WARNING 'half' is deprecated and will be removed in the future. Use 'quantize' instead.
WARNING 'half' is deprecated and will be removed in the future. Use 'quantize' instead.
WARNING 'half' is deprecated and will be removed in the future. Use 'quantize' instead.
WARNING 'half' is deprecated and will be removed in the future. Use 'quantize' instead.
WARNING 'half' is deprecated and will be removed in the future. Use 'quantize' instead.
WARNING 'half' is deprecated and will be removed in the future. Use 'quantize' instead.
WARNING 'half' is deprecated and will be removed in the future. Use 'quantize' instead.
WARNING 'half' is deprecated and will be removed in the future. Use 'quantize' instead.
WARNING 'half' is deprecated and will be removed in the future. Use 'quantize' instead.
WARNING 'half' is deprecated and will be removed in the future. Use 'quantize' instead.
WARNING 'half' is deprecated and will be removed in the future. Use 'quantize' instead.
WARNING 'half' is deprecated and will be removed in the future. Use 'quantize' instead.
WARNING 'half' is deprecated and will be removed in the future. Use 'quantize' instead.
WARNING 'half' is deprecated and will be removed in the future. Use 'quantize' instead.
WARNING 'half' is deprecated and will be removed in the future. Use 'quantize' instead.
WARNING 'half' is deprecated and will be removed in the future. Use 'quantize' instead.
WARNING 'half' is deprecated and will be removed in the future. Use 'quantize' instead.
WARNING 'half' is deprecated and will be removed in the future. Use 'quantize' instead.
WARNING 'half' is deprecated and will be removed in the future. Use 'quantize' instead.
WARNING 'half' is deprecated and will be removed in the future. Use 'quantize' instead.
WARNING 'half' is deprecated and will be removed in the future. Use 'quantize' instead.
WARNING 'half' is deprecated and will be removed in the future. Use 'quantize' instead.
WARNING 'half' is deprecated and will be removed in the future. Use 'quantize' instead.
WARNING 'half' is deprecated and will be removed in the future. Use 'quantize' instead.
WARNING 'half' is deprecated and will be removed in the future. Use 'quantize' instead.
WARNING 'half' is deprecated and will be removed in the future. Use 'quantize' instead.
WARNING 'half' is deprecated and will be removed in the future. Use 'quantize' instead.
WARNING 'half' is deprecated and will be removed in the future. Use 'quantize' instead.
WARNING 'half' is deprecated and will be removed in the future. Use 'quantize' instead.
WARNING 'half' is deprecated and will be removed in the future. Use 'quantize' instead.
WARNING 'half' is deprecated and will be removed in the future. Use 'quantize' instead.
WARNING 'half' is deprecated and will be removed in the future. Use 'quantize' instead.
WARNING 'half' is deprecated and will be removed in the future. Use 'quantize' instead.
WARNING 'half' is deprecated and will be removed in the future. Use 'quantize' instead.
WARNING 'half' is deprecated and will be removed in the future. Use 'quantize' instead.
WARNING 'half' is deprecated and will be removed in the future. Use 'quantize' instead.
WARNING 'half' is deprecated and will be removed in the future. Use 'quantize' instead.
WARNING 'half' is deprecated and will be removed in the future. Use 'quantize' instead.
WARNING 'half' is deprecated and will be removed in the future. Use 'quantize' instead.
WARNING 'half' is deprecated and will be removed in the future. Use 'quantize' instead.
WARNING 'half' is deprecated and will be removed in the future. Use 'quantize' instead.
WARNING 'half' is deprecated and will be removed in the future. Use 'quantize' instead.
WARNING 'half' is deprecated and will be removed in the future. Use 'quantize' instead.
WARNING 'half' is deprecated and will be removed in the future. Use 'quantize' instead.
WARNING 'half' is deprecated and will be removed in the future. Use 'quantize' instead.
WARNING 'half' is deprecated and will be removed in the future. Use 'quantize' instead.
WARNING 'half' is deprecated and will be removed in the future. Use 'quantize' instead.
WARNING 'half' is deprecated and will be removed in the future. Use 'quantize' instead.
WARNING 'half' is deprecated and will be removed in the future. Use 'quantize' instead.
WARNING 'half' is deprecated and will be removed in the future. Use 'quantize' instead.
WARNING 'half' is deprecated and will be removed in the future. Use 'quantize' instead.
WARNING 'half' is deprecated and will be removed in the future. Use 'quantize' instead.
WARNING 'half' is deprecated and will be removed in the future. Use 'quantize' instead.
WARNING 'half' is deprecated and will be removed in the future. Use 'quantize' instead.
WARNING 'half' is deprecated and will be removed in the future. Use 'quantize' instead.
WARNING 'half' is deprecated and will be removed in the future. Use 'quantize' instead.
WARNING 'half' is deprecated and will be removed in the future. Use 'quantize' instead.
WARNING 'half' is deprecated and will be removed in the future. Use 'quantize' instead.
WARNING 'half' is deprecated and will be removed in the future. Use 'quantize' instead.
WARNING 'half' is deprecated and will be removed in the future. Use 'quantize' instead.
WARNING 'half' is deprecated and will be removed in the future. Use 'quantize' instead.
WARNING 'half' is deprecated and will be removed in the future. Use 'quantize' instead.
WARNING 'half' is deprecated and will be removed in the future. Use 'quantize' instead.
WARNING 'half' is deprecated and will be removed in the future. Use 'quantize' instead.
WARNING 'half' is deprecated and will be removed in the future. Use 'quantize' instead.
WARNING 'half' is deprecated and will be removed in the future. Use 'quantize' instead.
WARNING 'half' is deprecated and will be removed in the future. Use 'quantize' instead.
WARNING 'half' is deprecated and will be removed in the future. Use 'quantize' instead.
WARNING 'half' is deprecated and will be removed in the future. Use 'quantize' instead.
WARNING 'half' is deprecated and will be removed in the future. Use 'quantize' instead.
WARNING 'half' is deprecated and will be removed in the future. Use 'quantize' instead.
WARNING 'half' is deprecated and will be removed in the future. Use 'quantize' instead.
WARNING 'half' is deprecated and will be removed in the future. Use 'quantize' instead.
WARNING 'half' is deprecated and will be removed in the future. Use 'quantize' instead.
WARNING 'half' is deprecated and will be removed in the future. Use 'quantize' instead.
WARNING 'half' is deprecated and will be removed in the future. Use 'quantize' instead.
WARNING 'half' is deprecated and will be removed in the future. Use 'quantize' instead.
WARNING 'half' is deprecated and will be removed in the future. Use 'quantize' instead.
WARNING 'half' is deprecated and will be removed in the future. Use 'quantize' instead.
WARNING 'half' is deprecated and will be removed in the future. Use 'quantize' instead.
WARNING 'half' is deprecated and will be removed in the future. Use 'quantize' instead.
WARNING 'half' is deprecated and will be removed in the future. Use 'quantize' instead.
WARNING 'half' is deprecated and will be removed in the future. Use 'quantize' instead.
WARNING 'half' is deprecated and will be removed in the future. Use 'quantize' instead.
WARNING 'half' is deprecated and will be removed in the future. Use 'quantize' instead.
WARNING 'half' is deprecated and will be removed in the future. Use 'quantize' instead.
WARNING 'half' is deprecated and will be removed in the future. Use 'quantize' instead.
WARNING 'half' is deprecated and will be removed in the future. Use 'quantize' instead.
WARNING 'half' is deprecated and will be removed in the future. Use 'quantize' instead.
WARNING 'half' is deprecated and will be removed in the future. Use 'quantize' instead.
WARNING 'half' is deprecated and will be removed in the future. Use 'quantize' instead.
WARNING 'half' is deprecated and will be removed in the future. Use 'quantize' instead.
WARNING 'half' is deprecated and will be removed in the future. Use 'quantize' instead.
WARNING 'half' is deprecated and will be removed in the future. Use 'quantize' instead.
WARNING 'half' is deprecated and will be removed in the future. Use 'quantize' instead.
WARNING 'half' is deprecated and will be removed in the future. Use 'quantize' instead.
WARNING 'half' is deprecated and will be removed in the future. Use 'quantize' instead.
WARNING 'half' is deprecated and will be removed in the future. Use 'quantize' instead.
WARNING 'half' is deprecated and will be removed in the future. Use 'quantize' instead.
WARNING 'half' is deprecated and will be removed in the future. Use 'quantize' instead.
WARNING 'half' is deprecated and will be removed in the future. Use 'quantize' instead.
WARNING 'half' is deprecated and will be removed in the future. Use 'quantize' instead.
WARNING 'half' is deprecated and will be removed in the future. Use 'quantize' instead.
WARNING 'half' is deprecated and will be removed in the future. Use 'quantize' instead.
WARNING 'half' is deprecated and will be removed in the future. Use 'quantize' instead.
WARNING 'half' is deprecated and will be removed in the future. Use 'quantize' instead.
WARNING 'half' is deprecated and will be removed in the future. Use 'quantize' instead.
WARNING 'half' is deprecated and will be removed in the future. Use 'quantize' instead.
WARNING 'half' is deprecated and will be removed in the future. Use 'quantize' instead.
WARNING 'half' is deprecated and will be removed in the future. Use 'quantize' instead.
WARNING 'half' is deprecated and will be removed in the future. Use 'quantize' instead.
WARNING 'half' is deprecated and will be removed in the future. Use 'quantize' instead.
WARNING 'half' is deprecated and will be removed in the future. Use 'quantize' instead.
WARNING 'half' is deprecated and will be removed in the future. Use 'quantize' instead.
WARNING 'half' is deprecated and will be removed in the future. Use 'quantize' instead.
WARNING 'half' is deprecated and will be removed in the future. Use 'quantize' instead.
WARNING 'half' is deprecated and will be removed in the future. Use 'quantize' instead.
WARNING 'half' is deprecated and will be removed in the future. Use 'quantize' instead.
WARNING 'half' is deprecated and will be removed in the future. Use 'quantize' instead.
WARNING 'half' is deprecated and will be removed in the future. Use 'quantize' instead.
WARNING 'half' is deprecated and will be removed in the future. Use 'quantize' instead.
WARNING 'half' is deprecated and will be removed in the future. Use 'quantize' instead.
WARNING 'half' is deprecated and will be removed in the future. Use 'quantize' instead.
WARNING 'half' is deprecated and will be removed in the future. Use 'quantize' instead.
WARNING 'half' is deprecated and will be removed in the future. Use 'quantize' instead.
WARNING 'half' is deprecated and will be removed in the future. Use 'quantize' instead.
WARNING 'half' is deprecated and will be removed in the future. Use 'quantize' instead.
WARNING 'half' is deprecated and will be removed in the future. Use 'quantize' instead.
WARNING 'half' is deprecated and will be removed in the future. Use 'quantize' instead.
WARNING 'half' is deprecated and will be removed in the future. Use 'quantize' instead.
WARNING 'half' is deprecated and will be removed in the future. Use 'quantize' instead.
WARNING 'half' is deprecated and will be removed in the future. Use 'quantize' instead.
WARNING 'half' is deprecated and will be removed in the future. Use 'quantize' instead.
WARNING 'half' is deprecated and will be removed in the future. Use 'quantize' instead.
WARNING 'half' is deprecated and will be removed in the future. Use 'quantize' instead.
WARNING 'half' is deprecated and will be removed in the future. Use 'quantize' instead.
WARNING 'half' is deprecated and will be removed in the future. Use 'quantize' instead.
WARNING 'half' is deprecated and will be removed in the future. Use 'quantize' instead.
WARNING 'half' is deprecated and will be removed in the future. Use 'quantize' instead.
WARNING 'half' is deprecated and will be removed in the future. Use 'quantize' instead.
WARNING 'half' is deprecated and will be removed in the future. Use 'quantize' instead.
WARNING 'half' is deprecated and will be removed in the future. Use 'quantize' instead.
WARNING 'half' is deprecated and will be removed in the future. Use 'quantize' instead.
WARNING 'half' is deprecated and will be removed in the future. Use 'quantize' instead.
WARNING 'half' is deprecated and will be removed in the future. Use 'quantize' instead.
WARNING 'half' is deprecated and will be removed in the future. Use 'quantize' instead.
WARNING 'half' is deprecated and will be removed in the future. Use 'quantize' instead.
WARNING 'half' is deprecated and will be removed in the future. Use 'quantize' instead.
WARNING 'half' is deprecated and will be removed in the future. Use 'quantize' instead.
WARNING 'half' is deprecated and will be removed in the future. Use 'quantize' instead.
WARNING 'half' is deprecated and will be removed in the future. Use 'quantize' instead.
WARNING 'half' is deprecated and will be removed in the future. Use 'quantize' instead.
WARNING 'half' is deprecated and will be removed in the future. Use 'quantize' instead.
WARNING 'half' is deprecated and will be removed in the future. Use 'quantize' instead.
WARNING 'half' is deprecated and will be removed in the future. Use 'quantize' instead.
WARNING 'half' is deprecated and will be removed in the future. Use 'quantize' instead.
WARNING 'half' is deprecated and will be removed in the future. Use 'quantize' instead.
WARNING 'half' is deprecated and will be removed in the future. Use 'quantize' instead.
WARNING 'half' is deprecated and will be removed in the future. Use 'quantize' instead.
WARNING 'half' is deprecated and will be removed in the future. Use 'quantize' instead.
WARNING 'half' is deprecated and will be removed in the future. Use 'quantize' instead.
WARNING 'half' is deprecated and will be removed in the future. Use 'quantize' instead.
WARNING 'half' is deprecated and will be removed in the future. Use 'quantize' instead.
WARNING 'half' is deprecated and will be removed in the future. Use 'quantize' instead.
WARNING 'half' is deprecated and will be removed in the future. Use 'quantize' instead.
WARNING 'half' is deprecated and will be removed in the future. Use 'quantize' instead.
WARNING 'half' is deprecated and will be removed in the future. Use 'quantize' instead.
WARNING 'half' is deprecated and will be removed in the future. Use 'quantize' instead.
WARNING 'half' is deprecated and will be removed in the future. Use 'quantize' instead.
WARNING 'half' is deprecated and will be removed in the future. Use 'quantize' instead.
WARNING 'half' is deprecated and will be removed in the future. Use 'quantize' instead.
WARNING 'half' is deprecated and will be removed in the future. Use 'quantize' instead.
WARNING 'half' is deprecated and will be removed in the future. Use 'quantize' instead.
WARNING 'half' is deprecated and will be removed in the future. Use 'quantize' instead.
WARNING 'half' is deprecated and will be removed in the future. Use 'quantize' instead.
WARNING 'half' is deprecated and will be removed in the future. Use 'quantize' instead.
WARNING 'half' is deprecated and will be removed in the future. Use 'quantize' instead.
WARNING 'half' is deprecated and will be removed in the future. Use 'quantize' instead.
WARNING 'half' is deprecated and will be removed in the future. Use 'quantize' instead.
WARNING 'half' is deprecated and will be removed in the future. Use 'quantize' instead.
WARNING 'half' is deprecated and will be removed in the future. Use 'quantize' instead.
WARNING 'half' is deprecated and will be removed in the future. Use 'quantize' instead.
WARNING 'half' is deprecated and will be removed in the future. Use 'quantize' instead.
WARNING 'half' is deprecated and will be removed in the future. Use 'quantize' instead.
WARNING 'half' is deprecated and will be removed in the future. Use 'quantize' instead.
WARNING 'half' is deprecated and will be removed in the future. Use 'quantize' instead.
WARNING 'half' is deprecated and will be removed in the future. Use 'quantize' instead.
WARNING 'half' is deprecated and will be removed in the future. Use 'quantize' instead.
WARNING 'half' is deprecated and will be removed in the future. Use 'quantize' instead.
WARNING 'half' is deprecated and will be removed in the future. Use 'quantize' instead.
WARNING 'half' is deprecated and will be removed in the future. Use 'quantize' instead.
WARNING 'half' is deprecated and will be removed in the future. Use 'quantize' instead.
WARNING 'half' is deprecated and will be removed in the future. Use 'quantize' instead.
WARNING 'half' is deprecated and will be removed in the future. Use 'quantize' instead.
WARNING 'half' is deprecated and will be removed in the future. Use 'quantize' instead.
WARNING 'half' is deprecated and will be removed in the future. Use 'quantize' instead.
WARNING 'half' is deprecated and will be removed in the future. Use 'quantize' instead.
WARNING 'half' is deprecated and will be removed in the future. Use 'quantize' instead.
WARNING 'half' is deprecated and will be removed in the future. Use 'quantize' instead.
WARNING 'half' is deprecated and will be removed in the future. Use 'quantize' instead.
WARNING 'half' is deprecated and will be removed in the future. Use 'quantize' instead.
WARNING 'half' is deprecated and will be removed in the future. Use 'quantize' instead.
WARNING 'half' is deprecated and will be removed in the future. Use 'quantize' instead.
WARNING 'half' is deprecated and will be removed in the future. Use 'quantize' instead.
WARNING 'half' is deprecated and will be removed in the future. Use 'quantize' instead.
WARNING 'half' is deprecated and will be removed in the future. Use 'quantize' instead.
WARNING 'half' is deprecated and will be removed in the future. Use 'quantize' instead.
WARNING 'half' is deprecated and will be removed in the future. Use 'quantize' instead.
WARNING 'half' is deprecated and will be removed in the future. Use 'quantize' instead.
WARNING 'half' is deprecated and will be removed in the future. Use 'quantize' instead.
WARNING 'half' is deprecated and will be removed in the future. Use 'quantize' instead.
WARNING 'half' is deprecated and will be removed in the future. Use 'quantize' instead.
WARNING 'half' is deprecated and will be removed in the future. Use 'quantize' instead.
WARNING 'half' is deprecated and will be removed in the future. Use 'quantize' instead.
WARNING 'half' is deprecated and will be removed in the future. Use 'quantize' instead.
WARNING 'half' is deprecated and will be removed in the future. Use 'quantize' instead.
WARNING 'half' is deprecated and will be removed in the future. Use 'quantize' instead.
WARNING 'half' is deprecated and will be removed in the future. Use 'quantize' instead.
WARNING 'half' is deprecated and will be removed in the future. Use 'quantize' instead.
WARNING 'half' is deprecated and will be removed in the future. Use 'quantize' instead.
WARNING 'half' is deprecated and will be removed in the future. Use 'quantize' instead.
WARNING 'half' is deprecated and will be removed in the future. Use 'quantize' instead.
WARNING 'half' is deprecated and will be removed in the future. Use 'quantize' instead.
WARNING 'half' is deprecated and will be removed in the future. Use 'quantize' instead.
WARNING 'half' is deprecated and will be removed in the future. Use 'quantize' instead.
WARNING 'half' is deprecated and will be removed in the future. Use 'quantize' instead.
WARNING 'half' is deprecated and will be removed in the future. Use 'quantize' instead.
WARNING 'half' is deprecated and will be removed in the future. Use 'quantize' instead.
WARNING 'half' is deprecated and will be removed in the future. Use 'quantize' instead.
WARNING 'half' is deprecated and will be removed in the future. Use 'quantize' instead.
WARNING 'half' is deprecated and will be removed in the future. Use 'quantize' instead.
WARNING 'half' is deprecated and will be removed in the future. Use 'quantize' instead.
WARNING 'half' is deprecated and will be removed in the future. Use 'quantize' instead.
WARNING 'half' is deprecated and will be removed in the future. Use 'quantize' instead.
WARNING 'half' is deprecated and will be removed in the future. Use 'quantize' instead.
WARNING 'half' is deprecated and will be removed in the future. Use 'quantize' instead.
WARNING 'half' is deprecated and will be removed in the future. Use 'quantize' instead.
WARNING 'half' is deprecated and will be removed in the future. Use 'quantize' instead.
WARNING 'half' is deprecated and will be removed in the future. Use 'quantize' instead.
WARNING 'half' is deprecated and will be removed in the future. Use 'quantize' instead.
WARNING 'half' is deprecated and will be removed in the future. Use 'quantize' instead.
WARNING 'half' is deprecated and will be removed in the future. Use 'quantize' instead.
WARNING 'half' is deprecated and will be removed in the future. Use 'quantize' instead.
WARNING 'half' is deprecated and will be removed in the future. Use 'quantize' instead.
WARNING 'half' is deprecated and will be removed in the future. Use 'quantize' instead.
WARNING 'half' is deprecated and will be removed in the future. Use 'quantize' instead.
WARNING 'half' is deprecated and will be removed in the future. Use 'quantize' instead.
WARNING 'half' is deprecated and will be removed in the future. Use 'quantize' instead.
WARNING 'half' is deprecated and will be removed in the future. Use 'quantize' instead.
WARNING 'half' is deprecated and will be removed in the future. Use 'quantize' instead.
WARNING 'half' is deprecated and will be removed in the future. Use 'quantize' instead.
WARNING 'half' is deprecated and will be removed in the future. Use 'quantize' instead.
WARNING 'half' is deprecated and will be removed in the future. Use 'quantize' instead.
WARNING 'half' is deprecated and will be removed in the future. Use 'quantize' instead.
WARNING 'half' is deprecated and will be removed in the future. Use 'quantize' instead.
WARNING 'half' is deprecated and will be removed in the future. Use 'quantize' instead.
WARNING 'half' is deprecated and will be removed in the future. Use 'quantize' instead.
WARNING 'half' is deprecated and will be removed in the future. Use 'quantize' instead.
WARNING 'half' is deprecated and will be removed in the future. Use 'quantize' instead.
WARNING 'half' is deprecated and will be removed in the future. Use 'quantize' instead.
WARNING 'half' is deprecated and will be removed in the future. Use 'quantize' instead.
WARNING 'half' is deprecated and will be removed in the future. Use 'quantize' instead.
WARNING 'half' is deprecated and will be removed in the future. Use 'quantize' instead.
WARNING 'half' is deprecated and will be removed in the future. Use 'quantize' instead.
WARNING 'half' is deprecated and will be removed in the future. Use 'quantize' instead.
WARNING 'half' is deprecated and will be removed in the future. Use 'quantize' instead.
WARNING 'half' is deprecated and will be removed in the future. Use 'quantize' instead.
WARNING 'half' is deprecated and will be removed in the future. Use 'quantize' instead.
WARNING 'half' is deprecated and will be removed in the future. Use 'quantize' instead.
WARNING 'half' is deprecated and will be removed in the future. Use 'quantize' instead.
WARNING 'half' is deprecated and will be removed in the future. Use 'quantize' instead.
WARNING 'half' is deprecated and will be removed in the future. Use 'quantize' instead.
WARNING 'half' is deprecated and will be removed in the future. Use 'quantize' instead.
WARNING 'half' is deprecated and will be removed in the future. Use 'quantize' instead.
WARNING 'half' is deprecated and will be removed in the future. Use 'quantize' instead.
WARNING 'half' is deprecated and will be removed in the future. Use 'quantize' instead.
WARNING 'half' is deprecated and will be removed in the future. Use 'quantize' instead.
WARNING 'half' is deprecated and will be removed in the future. Use 'quantize' instead.
WARNING 'half' is deprecated and will be removed in the future. Use 'quantize' instead.
WARNING 'half' is deprecated and will be removed in the future. Use 'quantize' instead.
WARNING 'half' is deprecated and will be removed in the future. Use 'quantize' instead.
WARNING 'half' is deprecated and will be removed in the future. Use 'quantize' instead.
WARNING 'half' is deprecated and will be removed in the future. Use 'quantize' instead.
WARNING 'half' is deprecated and will be removed in the future. Use 'quantize' instead.
WARNING 'half' is deprecated and will be removed in the future. Use 'quantize' instead.
WARNING 'half' is deprecated and will be removed in the future. Use 'quantize' instead.
WARNING 'half' is deprecated and will be removed in the future. Use 'quantize' instead.
WARNING 'half' is deprecated and will be removed in the future. Use 'quantize' instead.
WARNING 'half' is deprecated and will be removed in the future. Use 'quantize' instead.
WARNING 'half' is deprecated and will be removed in the future. Use 'quantize' instead.
WARNING 'half' is deprecated and will be removed in the future. Use 'quantize' instead.
WARNING 'half' is deprecated and will be removed in the future. Use 'quantize' instead.
WARNING 'half' is deprecated and will be removed in the future. Use 'quantize' instead.
WARNING 'half' is deprecated and will be removed in the future. Use 'quantize' instead.
WARNING 'half' is deprecated and will be removed in the future. Use 'quantize' instead.
WARNING 'half' is deprecated and will be removed in the future. Use 'quantize' instead.
WARNING 'half' is deprecated and will be removed in the future. Use 'quantize' instead.
WARNING 'half' is deprecated and will be removed in the future. Use 'quantize' instead.
WARNING 'half' is deprecated and will be removed in the future. Use 'quantize' instead.
WARNING 'half' is deprecated and will be removed in the future. Use 'quantize' instead.
WARNING 'half' is deprecated and will be removed in the future. Use 'quantize' instead.
WARNING 'half' is deprecated and will be removed in the future. Use 'quantize' instead.
WARNING 'half' is deprecated and will be removed in the future. Use 'quantize' instead.
WARNING 'half' is deprecated and will be removed in the future. Use 'quantize' instead.
WARNING 'half' is deprecated and will be removed in the future. Use 'quantize' instead.
WARNING 'half' is deprecated and will be removed in the future. Use 'quantize' instead.
WARNING 'half' is deprecated and will be removed in the future. Use 'quantize' instead.
WARNING 'half' is deprecated and will be removed in the future. Use 'quantize' instead.
WARNING 'half' is deprecated and will be removed in the future. Use 'quantize' instead.
WARNING 'half' is deprecated and will be removed in the future. Use 'quantize' instead.
WARNING 'half' is deprecated and will be removed in the future. Use 'quantize' instead.
WARNING 'half' is deprecated and will be removed in the future. Use 'quantize' instead.
WARNING 'half' is deprecated and will be removed in the future. Use 'quantize' instead.
WARNING 'half' is deprecated and will be removed in the future. Use 'quantize' instead.
WARNING 'half' is deprecated and will be removed in the future. Use 'quantize' instead.
WARNING 'half' is deprecated and will be removed in the future. Use 'quantize' instead.
WARNING 'half' is deprecated and will be removed in the future. Use 'quantize' instead.
WARNING 'half' is deprecated and will be removed in the future. Use 'quantize' instead.
WARNING 'half' is deprecated and will be removed in the future. Use 'quantize' instead.
WARNING 'half' is deprecated and will be removed in the future. Use 'quantize' instead.
WARNING 'half' is deprecated and will be removed in the future. Use 'quantize' instead.
WARNING 'half' is deprecated and will be removed in the future. Use 'quantize' instead.
WARNING 'half' is deprecated and will be removed in the future. Use 'quantize' instead.
WARNING 'half' is deprecated and will be removed in the future. Use 'quantize' instead.
WARNING 'half' is deprecated and will be removed in the future. Use 'quantize' instead.
WARNING 'half' is deprecated and will be removed in the future. Use 'quantize' instead.
WARNING 'half' is deprecated and will be removed in the future. Use 'quantize' instead.
WARNING 'half' is deprecated and will be removed in the future. Use 'quantize' instead.
WARNING 'half' is deprecated and will be removed in the future. Use 'quantize' instead.
WARNING 'half' is deprecated and will be removed in the future. Use 'quantize' instead.
WARNING 'half' is deprecated and will be removed in the future. Use 'quantize' instead.
WARNING 'half' is deprecated and will be removed in the future. Use 'quantize' instead.
WARNING 'half' is deprecated and will be removed in the future. Use 'quantize' instead.
WARNING 'half' is deprecated and will be removed in the future. Use 'quantize' instead.
WARNING 'half' is deprecated and will be removed in the future. Use 'quantize' instead.
WARNING 'half' is deprecated and will be removed in the future. Use 'quantize' instead.
WARNING 'half' is deprecated and will be removed in the future. Use 'quantize' instead.
WARNING 'half' is deprecated and will be removed in the future. Use 'quantize' instead.
WARNING 'half' is deprecated and will be removed in the future. Use 'quantize' instead.
WARNING 'half' is deprecated and will be removed in the future. Use 'quantize' instead.
WARNING 'half' is deprecated and will be removed in the future. Use 'quantize' instead.
WARNING 'half' is deprecated and will be removed in the future. Use 'quantize' instead.
WARNING 'half' is deprecated and will be removed in the future. Use 'quantize' instead.
WARNING 'half' is deprecated and will be removed in the future. Use 'quantize' instead.
WARNING 'half' is deprecated and will be removed in the future. Use 'quantize' instead.
WARNING 'half' is deprecated and will be removed in the future. Use 'quantize' instead.
WARNING 'half' is deprecated and will be removed in the future. Use 'quantize' instead.
WARNING 'half' is deprecated and will be removed in the future. Use 'quantize' instead.
WARNING 'half' is deprecated and will be removed in the future. Use 'quantize' instead.
WARNING 'half' is deprecated and will be removed in the future. Use 'quantize' instead.
WARNING 'half' is deprecated and will be removed in the future. Use 'quantize' instead.
WARNING 'half' is deprecated and will be removed in the future. Use 'quantize' instead.
WARNING 'half' is deprecated and will be removed in the future. Use 'quantize' instead.
WARNING 'half' is deprecated and will be removed in the future. Use 'quantize' instead.
WARNING 'half' is deprecated and will be removed in the future. Use 'quantize' instead.
WARNING 'half' is deprecated and will be removed in the future. Use 'quantize' instead.
WARNING 'half' is deprecated and will be removed in the future. Use 'quantize' instead.
WARNING 'half' is deprecated and will be removed in the future. Use 'quantize' instead.
WARNING 'half' is deprecated and will be removed in the future. Use 'quantize' instead.
WARNING 'half' is deprecated and will be removed in the future. Use 'quantize' instead.
WARNING 'half' is deprecated and will be removed in the future. Use 'quantize' instead.
WARNING 'half' is deprecated and will be removed in the future. Use 'quantize' instead.
WARNING 'half' is deprecated and will be removed in the future. Use 'quantize' instead.
WARNING 'half' is deprecated and will be removed in the future. Use 'quantize' instead.
WARNING 'half' is deprecated and will be removed in the future. Use 'quantize' instead.
WARNING 'half' is deprecated and will be removed in the future. Use 'quantize' instead.
WARNING 'half' is deprecated and will be removed in the future. Use 'quantize' instead.
WARNING 'half' is deprecated and will be removed in the future. Use 'quantize' instead.
WARNING 'half' is deprecated and will be removed in the future. Use 'quantize' instead.
WARNING 'half' is deprecated and will be removed in the future. Use 'quantize' instead.
WARNING 'half' is deprecated and will be removed in the future. Use 'quantize' instead.
WARNING 'half' is deprecated and will be removed in the future. Use 'quantize' instead.
WARNING 'half' is deprecated and will be removed in the future. Use 'quantize' instead.
WARNING 'half' is deprecated and will be removed in the future. Use 'quantize' instead.
WARNING 'half' is deprecated and will be removed in the future. Use 'quantize' instead.
WARNING 'half' is deprecated and will be removed in the future. Use 'quantize' instead.
WARNING 'half' is deprecated and will be removed in the future. Use 'quantize' instead.
WARNING 'half' is deprecated and will be removed in the future. Use 'quantize' instead.
WARNING 'half' is deprecated and will be removed in the future. Use 'quantize' instead.
WARNING 'half' is deprecated and will be removed in the future. Use 'quantize' instead.
WARNING 'half' is deprecated and will be removed in the future. Use 'quantize' instead.
WARNING 'half' is deprecated and will be removed in the future. Use 'quantize' instead.
WARNING 'half' is deprecated and will be removed in the future. Use 'quantize' instead.
WARNING 'half' is deprecated and will be removed in the future. Use 'quantize' instead.
WARNING 'half' is deprecated and will be removed in the future. Use 'quantize' instead.
WARNING 'half' is deprecated and will be removed in the future. Use 'quantize' instead.
WARNING 'half' is deprecated and will be removed in the future. Use 'quantize' instead.
WARNING 'half' is deprecated and will be removed in the future. Use 'quantize' instead.
WARNING 'half' is deprecated and will be removed in the future. Use 'quantize' instead.
WARNING 'half' is deprecated and will be removed in the future. Use 'quantize' instead.
WARNING 'half' is deprecated and will be removed in the future. Use 'quantize' instead.
WARNING 'half' is deprecated and will be removed in the future. Use 'quantize' instead.
WARNING 'half' is deprecated and will be removed in the future. Use 'quantize' instead.
WARNING 'half' is deprecated and will be removed in the future. Use 'quantize' instead.
WARNING 'half' is deprecated and will be removed in the future. Use 'quantize' instead.
WARNING 'half' is deprecated and will be removed in the future. Use 'quantize' instead.
WARNING 'half' is deprecated and will be removed in the future. Use 'quantize' instead.
WARNING 'half' is deprecated and will be removed in the future. Use 'quantize' instead.
WARNING 'half' is deprecated and will be removed in the future. Use 'quantize' instead.
WARNING 'half' is deprecated and will be removed in the future. Use 'quantize' instead.
WARNING 'half' is deprecated and will be removed in the future. Use 'quantize' instead.
WARNING 'half' is deprecated and will be removed in the future. Use 'quantize' instead.
WARNING 'half' is deprecated and will be removed in the future. Use 'quantize' instead.
WARNING 'half' is deprecated and will be removed in the future. Use 'quantize' instead.
WARNING 'half' is deprecated and will be removed in the future. Use 'quantize' instead.
WARNING 'half' is deprecated and will be removed in the future. Use 'quantize' instead.
WARNING 'half' is deprecated and will be removed in the future. Use 'quantize' instead.
WARNING 'half' is deprecated and will be removed in the future. Use 'quantize' instead.
WARNING 'half' is deprecated and will be removed in the future. Use 'quantize' instead.
WARNING 'half' is deprecated and will be removed in the future. Use 'quantize' instead.
WARNING 'half' is deprecated and will be removed in the future. Use 'quantize' instead.
WARNING 'half' is deprecated and will be removed in the future. Use 'quantize' instead.
WARNING 'half' is deprecated and will be removed in the future. Use 'quantize' instead.
WARNING 'half' is deprecated and will be removed in the future. Use 'quantize' instead.
WARNING 'half' is deprecated and will be removed in the future. Use 'quantize' instead.
WARNING 'half' is deprecated and will be removed in the future. Use 'quantize' instead.
WARNING 'half' is deprecated and will be removed in the future. Use 'quantize' instead.
WARNING 'half' is deprecated and will be removed in the future. Use 'quantize' instead.
WARNING 'half' is deprecated and will be removed in the future. Use 'quantize' instead.
WARNING 'half' is deprecated and will be removed in the future. Use 'quantize' instead.
WARNING 'half' is deprecated and will be removed in the future. Use 'quantize' instead.
WARNING 'half' is deprecated and will be removed in the future. Use 'quantize' instead.
WARNING 'half' is deprecated and will be removed in the future. Use 'quantize' instead.
WARNING 'half' is deprecated and will be removed in the future. Use 'quantize' instead.
2026-08-17 17:22:38,481 [INFO] Job 59147f5c-9a5f-48ab-b0b6-d04174aa9875 completed successfully.
2026-08-17 17:22:38,481 [INFO] Pipeline processing completed.
2026-08-17 17:22:38,481 [INFO] Total Frames: 221
2026-08-17 17:22:38,481 [INFO] Average FPS: 2.43
2026-08-17 17:22:38,481 [INFO] Total Unique IDs: 33

	OpenH264 Video Codec provided by Cisco Systems, Inc.

