2026-08-17 17:32:36,961 [INFO] Starting EdgeVision Pipeline (Model: V3-HN)
2026-08-17 17:32:39,452 [INFO] [JOB] job_id=a1071171-0d9e-42ed-a3b4-4e272ec93fd0 camera_id=10 source=0 starting live capture
2026-08-17 17:32:41,696 [INFO] [CAMERA] source=0 opened backend=DSHOW resolution=640x480 camera_fps=0.00
2026-08-17 17:32:41,890 [INFO] [CAMERA] state=live source=0 details={'state': 'live', 'frames_read': 1, 'consecutive_failures': 0, 'reconnects': 0, 'last_error': None, 'backend': 'DSHOW', 'camera_fps': 0.0, 'width': 640, 'height': 480}
Exception in thread Thread-1 (report):
Traceback (most recent call last):
  File "C:\Users\shree\AppData\Local\Programs\Python\Python311\Lib\threading.py", line 1038, in _bootstrap_inner
    self.run()
  File "C:\Users\shree\AppData\Local\Programs\Python\Python311\Lib\threading.py", line 975, in run
    self._target(*self._args, **self._kwargs)
  File "W:\3 projects\Building\Tfrenzy\notebook\src\pipeline.py", line 281, in report
    update_job_progress(args.job_id, metrics["frames"], 0, metrics.get("current_fps", 0.0),
TypeError: update_job_progress() got an unexpected keyword argument 'error_message'
2026-08-17 17:32:44,013 [INFO] Processing video stream...
WARNING 'half' is deprecated and will be removed in the future. Use 'quantize' instead.
WARNING 'half' is deprecated and will be removed in the future. Use 'quantize' instead.
WARNING 'half' is deprecated and will be removed in the future. Use 'quantize' instead.
WARNING 'half' is deprecated and will be removed in the future. Use 'quantize' instead.
WARNING 'half' is deprecated and will be removed in the future. Use 'quantize' instead.
WARNING 'half' is deprecated and will be removed in the future. Use 'quantize' instead.
WARNING 'half' is deprecated and will be removed in the future. Use 'quantize' instead.
WARNING 'half' is deprecated and will be removed in the future. Use 'quantize' instead.
WARNING 'half' is deprecated and will be removed in the future. Use 'quantize' instead.
WARNING 'half' is deprecated and will be removed in the future. Use 'quantize' instead.
WARNING 'half' is deprecated and will be removed in the future. Use 'quantize' instead.
WARNING 'half' is deprecated and will be removed in the future. Use 'quantize' instead.
WARNING 'half' is deprecated and will be removed in the future. Use 'quantize' instead.
WARNING 'half' is deprecated and will be removed in the future. Use 'quantize' instead.
WARNING 'half' is deprecated and will be removed in the future. Use 'quantize' instead.
WARNING 'half' is deprecated and will be removed in the future. Use 'quantize' instead.
WARNING 'half' is deprecated and will be removed in the future. Use 'quantize' instead.
WARNING 'half' is deprecated and will be removed in the future. Use 'quantize' instead.
WARNING 'half' is deprecated and will be removed in the future. Use 'quantize' instead.
WARNING 'half' is deprecated and will be removed in the future. Use 'quantize' instead.
WARNING 'half' is deprecated and will be removed in the future. Use 'quantize' instead.
WARNING 'half' is deprecated and will be removed in the future. Use 'quantize' instead.
WARNING 'half' is deprecated and will be removed in the future. Use 'quantize' instead.
WARNING 'half' is deprecated and will be removed in the future. Use 'quantize' instead.
WARNING 'half' is deprecated and will be removed in the future. Use 'quantize' instead.
WARNING 'half' is deprecated and will be removed in the future. Use 'quantize' instead.
WARNING 'half' is deprecated and will be removed in the future. Use 'quantize' instead.
WARNING 'half' is deprecated and will be removed in the future. Use 'quantize' instead.
WARNING 'half' is deprecated and will be removed in the future. Use 'quantize' instead.
WARNING 'half' is deprecated and will be removed in the future. Use 'quantize' instead.
WARNING 'half' is deprecated and will be removed in the future. Use 'quantize' instead.
WARNING 'half' is deprecated and will be removed in the future. Use 'quantize' instead.
WARNING 'half' is deprecated and will be removed in the future. Use 'quantize' instead.
WARNING 'half' is deprecated and will be removed in the future. Use 'quantize' instead.
WARNING 'half' is deprecated and will be removed in the future. Use 'quantize' instead.
WARNING 'half' is deprecated and will be removed in the future. Use 'quantize' instead.
WARNING 'half' is deprecated and will be removed in the future. Use 'quantize' instead.
WARNING 'half' is deprecated and will be removed in the future. Use 'quantize' instead.
WARNING 'half' is deprecated and will be removed in the future. Use 'quantize' instead.
WARNING 'half' is deprecated and will be removed in the future. Use 'quantize' instead.
WARNING 'half' is deprecated and will be removed in the future. Use 'quantize' instead.
WARNING 'half' is deprecated and will be removed in the future. Use 'quantize' instead.
WARNING 'half' is deprecated and will be removed in the future. Use 'quantize' instead.
WARNING 'half' is deprecated and will be removed in the future. Use 'quantize' instead.
WARNING 'half' is deprecated and will be removed in the future. Use 'quantize' instead.
WARNING 'half' is deprecated and will be removed in the future. Use 'quantize' instead.
WARNING 'half' is deprecated and will be removed in the future. Use 'quantize' instead.
WARNING 'half' is deprecated and will be removed in the future. Use 'quantize' instead.
WARNING 'half' is deprecated and will be removed in the future. Use 'quantize' instead.
WARNING 'half' is deprecated and will be removed in the future. Use 'quantize' instead.
WARNING 'half' is deprecated and will be removed in the future. Use 'quantize' instead.
WARNING 'half' is deprecated and will be removed in the future. Use 'quantize' instead.
WARNING 'half' is deprecated and will be removed in the future. Use 'quantize' instead.
WARNING 'half' is deprecated and will be removed in the future. Use 'quantize' instead.
WARNING 'half' is deprecated and will be removed in the future. Use 'quantize' instead.
WARNING 'half' is deprecated and will be removed in the future. Use 'quantize' instead.
WARNING 'half' is deprecated and will be removed in the future. Use 'quantize' instead.
WARNING 'half' is deprecated and will be removed in the future. Use 'quantize' instead.
WARNING 'half' is deprecated and will be removed in the future. Use 'quantize' instead.
WARNING 'half' is deprecated and will be removed in the future. Use 'quantize' instead.
WARNING 'half' is deprecated and will be removed in the future. Use 'quantize' instead.
WARNING 'half' is deprecated and will be removed in the future. Use 'quantize' instead.
WARNING 'half' is deprecated and will be removed in the future. Use 'quantize' instead.
WARNING 'half' is deprecated and will be removed in the future. Use 'quantize' instead.
WARNING 'half' is deprecated and will be removed in the future. Use 'quantize' instead.
WARNING 'half' is deprecated and will be removed in the future. Use 'quantize' instead.
WARNING 'half' is deprecated and will be removed in the future. Use 'quantize' instead.
WARNING 'half' is deprecated and will be removed in the future. Use 'quantize' instead.
WARNING 'half' is deprecated and will be removed in the future. Use 'quantize' instead.
WARNING 'half' is deprecated and will be removed in the future. Use 'quantize' instead.
WARNING 'half' is deprecated and will be removed in the future. Use 'quantize' instead.
WARNING 'half' is deprecated and will be removed in the future. Use 'quantize' instead.
WARNING 'half' is deprecated and will be removed in the future. Use 'quantize' instead.
WARNING 'half' is deprecated and will be removed in the future. Use 'quantize' instead.
WARNING 'half' is deprecated and will be removed in the future. Use 'quantize' instead.
WARNING 'half' is deprecated and will be removed in the future. Use 'quantize' instead.
WARNING 'half' is deprecated and will be removed in the future. Use 'quantize' instead.
WARNING 'half' is deprecated and will be removed in the future. Use 'quantize' instead.
WARNING 'half' is deprecated and will be removed in the future. Use 'quantize' instead.
WARNING 'half' is deprecated and will be removed in the future. Use 'quantize' instead.
WARNING 'half' is deprecated and will be removed in the future. Use 'quantize' instead.
WARNING 'half' is deprecated and will be removed in the future. Use 'quantize' instead.
WARNING 'half' is deprecated and will be removed in the future. Use 'quantize' instead.
WARNING 'half' is deprecated and will be removed in the future. Use 'quantize' instead.
WARNING 'half' is deprecated and will be removed in the future. Use 'quantize' instead.
WARNING 'half' is deprecated and will be removed in the future. Use 'quantize' instead.
WARNING 'half' is deprecated and will be removed in the future. Use 'quantize' instead.
WARNING 'half' is deprecated and will be removed in the future. Use 'quantize' instead.
WARNING 'half' is deprecated and will be removed in the future. Use 'quantize' instead.
WARNING 'half' is deprecated and will be removed in the future. Use 'quantize' instead.
WARNING 'half' is deprecated and will be removed in the future. Use 'quantize' instead.
WARNING 'half' is deprecated and will be removed in the future. Use 'quantize' instead.
WARNING 'half' is deprecated and will be removed in the future. Use 'quantize' instead.
WARNING 'half' is deprecated and will be removed in the future. Use 'quantize' instead.
WARNING 'half' is deprecated and will be removed in the future. Use 'quantize' instead.
WARNING 'half' is deprecated and will be removed in the future. Use 'quantize' instead.
WARNING 'half' is deprecated and will be removed in the future. Use 'quantize' instead.
WARNING 'half' is deprecated and will be removed in the future. Use 'quantize' instead.
WARNING 'half' is deprecated and will be removed in the future. Use 'quantize' instead.
WARNING 'half' is deprecated and will be removed in the future. Use 'quantize' instead.
WARNING 'half' is deprecated and will be removed in the future. Use 'quantize' instead.
WARNING 'half' is deprecated and will be removed in the future. Use 'quantize' instead.
WARNING 'half' is deprecated and will be removed in the future. Use 'quantize' instead.
WARNING 'half' is deprecated and will be removed in the future. Use 'quantize' instead.
WARNING 'half' is deprecated and will be removed in the future. Use 'quantize' instead.
WARNING 'half' is deprecated and will be removed in the future. Use 'quantize' instead.
WARNING 'half' is deprecated and will be removed in the future. Use 'quantize' instead.
WARNING 'half' is deprecated and will be removed in the future. Use 'quantize' instead.
WARNING 'half' is deprecated and will be removed in the future. Use 'quantize' instead.
WARNING 'half' is deprecated and will be removed in the future. Use 'quantize' instead.
WARNING 'half' is deprecated and will be removed in the future. Use 'quantize' instead.
WARNING 'half' is deprecated and will be removed in the future. Use 'quantize' instead.
WARNING 'half' is deprecated and will be removed in the future. Use 'quantize' instead.
WARNING 'half' is deprecated and will be removed in the future. Use 'quantize' instead.
WARNING 'half' is deprecated and will be removed in the future. Use 'quantize' instead.
WARNING 'half' is deprecated and will be removed in the future. Use 'quantize' instead.
WARNING 'half' is deprecated and will be removed in the future. Use 'quantize' instead.
WARNING 'half' is deprecated and will be removed in the future. Use 'quantize' instead.
WARNING 'half' is deprecated and will be removed in the future. Use 'quantize' instead.
WARNING 'half' is deprecated and will be removed in the future. Use 'quantize' instead.
WARNING 'half' is deprecated and will be removed in the future. Use 'quantize' instead.
WARNING 'half' is deprecated and will be removed in the future. Use 'quantize' instead.
WARNING 'half' is deprecated and will be removed in the future. Use 'quantize' instead.
WARNING 'half' is deprecated and will be removed in the future. Use 'quantize' instead.
WARNING 'half' is deprecated and will be removed in the future. Use 'quantize' instead.
WARNING 'half' is deprecated and will be removed in the future. Use 'quantize' instead.
WARNING 'half' is deprecated and will be removed in the future. Use 'quantize' instead.
WARNING 'half' is deprecated and will be removed in the future. Use 'quantize' instead.
WARNING 'half' is deprecated and will be removed in the future. Use 'quantize' instead.
WARNING 'half' is deprecated and will be removed in the future. Use 'quantize' instead.
WARNING 'half' is deprecated and will be removed in the future. Use 'quantize' instead.
WARNING 'half' is deprecated and will be removed in the future. Use 'quantize' instead.
WARNING 'half' is deprecated and will be removed in the future. Use 'quantize' instead.
WARNING 'half' is deprecated and will be removed in the future. Use 'quantize' instead.
WARNING 'half' is deprecated and will be removed in the future. Use 'quantize' instead.
WARNING 'half' is deprecated and will be removed in the future. Use 'quantize' instead.
WARNING 'half' is deprecated and will be removed in the future. Use 'quantize' instead.
WARNING 'half' is deprecated and will be removed in the future. Use 'quantize' instead.
WARNING 'half' is deprecated and will be removed in the future. Use 'quantize' instead.
WARNING 'half' is deprecated and will be removed in the future. Use 'quantize' instead.
WARNING 'half' is deprecated and will be removed in the future. Use 'quantize' instead.
WARNING 'half' is deprecated and will be removed in the future. Use 'quantize' instead.
WARNING 'half' is deprecated and will be removed in the future. Use 'quantize' instead.
WARNING 'half' is deprecated and will be removed in the future. Use 'quantize' instead.
WARNING 'half' is deprecated and will be removed in the future. Use 'quantize' instead.
WARNING 'half' is deprecated and will be removed in the future. Use 'quantize' instead.
WARNING 'half' is deprecated and will be removed in the future. Use 'quantize' instead.
WARNING 'half' is deprecated and will be removed in the future. Use 'quantize' instead.
WARNING 'half' is deprecated and will be removed in the future. Use 'quantize' instead.
WARNING 'half' is deprecated and will be removed in the future. Use 'quantize' instead.
WARNING 'half' is deprecated and will be removed in the future. Use 'quantize' instead.
WARNING 'half' is deprecated and will be removed in the future. Use 'quantize' instead.
WARNING 'half' is deprecated and will be removed in the future. Use 'quantize' instead.
WARNING 'half' is deprecated and will be removed in the future. Use 'quantize' instead.
WARNING 'half' is deprecated and will be removed in the future. Use 'quantize' instead.
WARNING 'half' is deprecated and will be removed in the future. Use 'quantize' instead.
WARNING 'half' is deprecated and will be removed in the future. Use 'quantize' instead.
WARNING 'half' is deprecated and will be removed in the future. Use 'quantize' instead.
WARNING 'half' is deprecated and will be removed in the future. Use 'quantize' instead.
WARNING 'half' is deprecated and will be removed in the future. Use 'quantize' instead.
WARNING 'half' is deprecated and will be removed in the future. Use 'quantize' instead.
WARNING 'half' is deprecated and will be removed in the future. Use 'quantize' instead.
WARNING 'half' is deprecated and will be removed in the future. Use 'quantize' instead.
WARNING 'half' is deprecated and will be removed in the future. Use 'quantize' instead.
WARNING 'half' is deprecated and will be removed in the future. Use 'quantize' instead.
