2026-08-19 10:54:33,644 [INFO] Starting EdgeVision Pipeline (Model: V5-Harness)
2026-08-19 10:54:33,924 [INFO] Loading models on device: CUDA

Failed to load OpenH264 library: openh264-2.5.0-win64.dll
	Please check environment and/or download library: https://github.com/cisco/openh264/releases

[libopenh264 @ 000002352c911040] Unable to create encoder
[ERROR:0@0.169] global cap_ffmpeg_impl.hpp:3568 open Could not open codec libopenh264, error: Unspecified error (-1313558101)
[ERROR:0@0.174] global cap_ffmpeg_impl.hpp:3585 open VIDEOIO/FFMPEG: Failed to initialize VideoWriter
2026-08-19 10:54:47,018 [INFO] Processing video stream...
WARNING 'half' is deprecated and will be removed in the future. Use 'quantize' instead.
WARNING 'half' is deprecated and will be removed in the future. Use 'quantize' instead.
WARNING 'half' is deprecated and will be removed in the future. Use 'quantize' instead.
WARNING 'half' is deprecated and will be removed in the future. Use 'quantize' instead.
WARNING 'half' is deprecated and will be removed in the future. Use 'quantize' instead.
WARNING 'half' is deprecated and will be removed in the future. Use 'quantize' instead.
WARNING 'half' is deprecated and will be removed in the future. Use 'quantize' instead.
WARNING 'half' is deprecated and will be removed in the future. Use 'quantize' instead.
WARNING 'half' is deprecated and will be removed in the future. Use 'quantize' instead.
WARNING 'half' is deprecated and will be removed in the future. Use 'quantize' instead.
WARNING 'half' is deprecated and will be removed in the future. Use 'quantize' instead.
WARNING 'half' is deprecated and will be removed in the future. Use 'quantize' instead.
WARNING 'half' is deprecated and will be removed in the future. Use 'quantize' instead.
WARNING 'half' is deprecated and will be removed in the future. Use 'quantize' instead.
WARNING 'half' is deprecated and will be removed in the future. Use 'quantize' instead.
WARNING 'half' is deprecated and will be removed in the future. Use 'quantize' instead.
WARNING 'half' is deprecated and will be removed in the future. Use 'quantize' instead.
WARNING 'half' is deprecated and will be removed in the future. Use 'quantize' instead.
WARNING 'half' is deprecated and will be removed in the future. Use 'quantize' instead.
WARNING 'half' is deprecated and will be removed in the future. Use 'quantize' instead.
WARNING 'half' is deprecated and will be removed in the future. Use 'quantize' instead.
WARNING 'half' is deprecated and will be removed in the future. Use 'quantize' instead.
WARNING 'half' is deprecated and will be removed in the future. Use 'quantize' instead.
WARNING 'half' is deprecated and will be removed in the future. Use 'quantize' instead.
WARNING 'half' is deprecated and will be removed in the future. Use 'quantize' instead.
WARNING 'half' is deprecated and will be removed in the future. Use 'quantize' instead.
WARNING 'half' is deprecated and will be removed in the future. Use 'quantize' instead.
WARNING 'half' is deprecated and will be removed in the future. Use 'quantize' instead.
WARNING 'half' is deprecated and will be removed in the future. Use 'quantize' instead.
WARNING 'half' is deprecated and will be removed in the future. Use 'quantize' instead.
WARNING 'half' is deprecated and will be removed in the future. Use 'quantize' instead.
WARNING 'half' is deprecated and will be removed in the future. Use 'quantize' instead.
WARNING 'half' is deprecated and will be removed in the future. Use 'quantize' instead.
WARNING 'half' is deprecated and will be removed in the future. Use 'quantize' instead.
WARNING 'half' is deprecated and will be removed in the future. Use 'quantize' instead.
WARNING 'half' is deprecated and will be removed in the future. Use 'quantize' instead.
WARNING 'half' is deprecated and will be removed in the future. Use 'quantize' instead.
WARNING 'half' is deprecated and will be removed in the future. Use 'quantize' instead.
WARNING 'half' is deprecated and will be removed in the future. Use 'quantize' instead.
WARNING 'half' is deprecated and will be removed in the future. Use 'quantize' instead.
WARNING 'half' is deprecated and will be removed in the future. Use 'quantize' instead.
WARNING 'half' is deprecated and will be removed in the future. Use 'quantize' instead.
WARNING 'half' is deprecated and will be removed in the future. Use 'quantize' instead.
WARNING 'half' is deprecated and will be removed in the future. Use 'quantize' instead.
WARNING 'half' is deprecated and will be removed in the future. Use 'quantize' instead.
WARNING 'half' is deprecated and will be removed in the future. Use 'quantize' instead.
WARNING 'half' is deprecated and will be removed in the future. Use 'quantize' instead.
WARNING 'half' is deprecated and will be removed in the future. Use 'quantize' instead.
WARNING 'half' is deprecated and will be removed in the future. Use 'quantize' instead.
WARNING 'half' is deprecated and will be removed in the future. Use 'quantize' instead.
WARNING 'half' is deprecated and will be removed in the future. Use 'quantize' instead.
WARNING 'half' is deprecated and will be removed in the future. Use 'quantize' instead.
WARNING 'half' is deprecated and will be removed in the future. Use 'quantize' instead.
WARNING 'half' is deprecated and will be removed in the future. Use 'quantize' instead.
WARNING 'half' is deprecated and will be removed in the future. Use 'quantize' instead.
WARNING 'half' is deprecated and will be removed in the future. Use 'quantize' instead.
WARNING 'half' is deprecated and will be removed in the future. Use 'quantize' instead.
WARNING 'half' is deprecated and will be removed in the future. Use 'quantize' instead.
WARNING 'half' is deprecated and will be removed in the future. Use 'quantize' instead.
WARNING 'half' is deprecated and will be removed in the future. Use 'quantize' instead.
WARNING 'half' is deprecated and will be removed in the future. Use 'quantize' instead.
WARNING 'half' is deprecated and will be removed in the future. Use 'quantize' instead.
WARNING 'half' is deprecated and will be removed in the future. Use 'quantize' instead.
WARNING 'half' is deprecated and will be removed in the future. Use 'quantize' instead.
WARNING 'half' is deprecated and will be removed in the future. Use 'quantize' instead.
WARNING 'half' is deprecated and will be removed in the future. Use 'quantize' instead.
WARNING 'half' is deprecated and will be removed in the future. Use 'quantize' instead.
WARNING 'half' is deprecated and will be removed in the future. Use 'quantize' instead.
WARNING 'half' is deprecated and will be removed in the future. Use 'quantize' instead.
WARNING 'half' is deprecated and will be removed in the future. Use 'quantize' instead.
WARNING 'half' is deprecated and will be removed in the future. Use 'quantize' instead.
WARNING 'half' is deprecated and will be removed in the future. Use 'quantize' instead.
WARNING 'half' is deprecated and will be removed in the future. Use 'quantize' instead.
WARNING 'half' is deprecated and will be removed in the future. Use 'quantize' instead.
WARNING 'half' is deprecated and will be removed in the future. Use 'quantize' instead.
WARNING 'half' is deprecated and will be removed in the future. Use 'quantize' instead.
WARNING 'half' is deprecated and will be removed in the future. Use 'quantize' instead.
WARNING 'half' is deprecated and will be removed in the future. Use 'quantize' instead.
WARNING 'half' is deprecated and will be removed in the future. Use 'quantize' instead.
WARNING 'half' is deprecated and will be removed in the future. Use 'quantize' instead.
WARNING 'half' is deprecated and will be removed in the future. Use 'quantize' instead.
WARNING 'half' is deprecated and will be removed in the future. Use 'quantize' instead.
WARNING 'half' is deprecated and will be removed in the future. Use 'quantize' instead.
WARNING 'half' is deprecated and will be removed in the future. Use 'quantize' instead.
WARNING 'half' is deprecated and will be removed in the future. Use 'quantize' instead.
WARNING 'half' is deprecated and will be removed in the future. Use 'quantize' instead.
WARNING 'half' is deprecated and will be removed in the future. Use 'quantize' instead.
WARNING 'half' is deprecated and will be removed in the future. Use 'quantize' instead.
WARNING 'half' is deprecated and will be removed in the future. Use 'quantize' instead.
WARNING 'half' is deprecated and will be removed in the future. Use 'quantize' instead.
WARNING 'half' is deprecated and will be removed in the future. Use 'quantize' instead.
WARNING 'half' is deprecated and will be removed in the future. Use 'quantize' instead.
WARNING 'half' is deprecated and will be removed in the future. Use 'quantize' instead.
WARNING 'half' is deprecated and will be removed in the future. Use 'quantize' instead.
WARNING 'half' is deprecated and will be removed in the future. Use 'quantize' instead.
WARNING 'half' is deprecated and will be removed in the future. Use 'quantize' instead.
WARNING 'half' is deprecated and will be removed in the future. Use 'quantize' instead.
WARNING 'half' is deprecated and will be removed in the future. Use 'quantize' instead.
WARNING 'half' is deprecated and will be removed in the future. Use 'quantize' instead.
WARNING 'half' is deprecated and will be removed in the future. Use 'quantize' instead.
WARNING 'half' is deprecated and will be removed in the future. Use 'quantize' instead.
WARNING 'half' is deprecated and will be removed in the future. Use 'quantize' instead.
WARNING 'half' is deprecated and will be removed in the future. Use 'quantize' instead.
WARNING 'half' is deprecated and will be removed in the future. Use 'quantize' instead.
WARNING 'half' is deprecated and will be removed in the future. Use 'quantize' instead.
WARNING 'half' is deprecated and will be removed in the future. Use 'quantize' instead.
WARNING 'half' is deprecated and will be removed in the future. Use 'quantize' instead.
WARNING 'half' is deprecated and will be removed in the future. Use 'quantize' instead.
WARNING 'half' is deprecated and will be removed in the future. Use 'quantize' instead.
WARNING 'half' is deprecated and will be removed in the future. Use 'quantize' instead.
WARNING 'half' is deprecated and will be removed in the future. Use 'quantize' instead.
WARNING 'half' is deprecated and will be removed in the future. Use 'quantize' instead.
WARNING 'half' is deprecated and will be removed in the future. Use 'quantize' instead.
WARNING 'half' is deprecated and will be removed in the future. Use 'quantize' instead.
WARNING 'half' is deprecated and will be removed in the future. Use 'quantize' instead.
WARNING 'half' is deprecated and will be removed in the future. Use 'quantize' instead.
WARNING 'half' is deprecated and will be removed in the future. Use 'quantize' instead.
WARNING 'half' is deprecated and will be removed in the future. Use 'quantize' instead.
WARNING 'half' is deprecated and will be removed in the future. Use 'quantize' instead.
WARNING 'half' is deprecated and will be removed in the future. Use 'quantize' instead.
WARNING 'half' is deprecated and will be removed in the future. Use 'quantize' instead.
WARNING 'half' is deprecated and will be removed in the future. Use 'quantize' instead.
WARNING 'half' is deprecated and will be removed in the future. Use 'quantize' instead.
WARNING 'half' is deprecated and will be removed in the future. Use 'quantize' instead.
WARNING 'half' is deprecated and will be removed in the future. Use 'quantize' instead.
WARNING 'half' is deprecated and will be removed in the future. Use 'quantize' instead.
WARNING 'half' is deprecated and will be removed in the future. Use 'quantize' instead.
WARNING 'half' is deprecated and will be removed in the future. Use 'quantize' instead.
WARNING 'half' is deprecated and will be removed in the future. Use 'quantize' instead.
WARNING 'half' is deprecated and will be removed in the future. Use 'quantize' instead.
2026-08-19 10:55:11,140 [INFO] Job d70237d4-9e01-42aa-85dd-2d912d78c8be completed successfully.
2026-08-19 10:55:11,140 [INFO] Pipeline processing completed.
2026-08-19 10:55:11,140 [INFO] Total Frames: 196
2026-08-19 10:55:11,140 [INFO] Average FPS: 8.13
2026-08-19 10:55:11,140 [INFO] Total Unique IDs: 1
